<?xml version="1.0" encoding="UTF-8"?><mappingRoot xmlns="http://www.ibm.com/2008/ccl/Mapping" domainID="com.ibm.msl.mapping.xml" domainIDExtension="mb" mainMap="true" targetNamespace="com.cedge.rrb.inward.map.neft" version="8.0.5.0" xmlns:map="com.cedge.rrb.inward.map.neft">
    <inlinedXMLSchema><![CDATA[<?xml version="1.0" encoding="UTF-8"?><xsd:schema xmlns:xsd="http://www.w3.org/2001/XMLSchema">      
    <xsd:element name="BankDetails">      
    <xsd:complexType>      
      <xsd:sequence>      
        <xsd:element name="UTR" type="xsd:string"/>      
        <xsd:element name="cDate" type="xsd:string"/>      
        <xsd:element name="cTime" type="xsd:string"/>      
      </xsd:sequence>      
    </xsd:complexType>      
  </xsd:element>      
</xsd:schema>]]></inlinedXMLSchema>
    <input path="/ISO/pacs.002.001.11.xsd" var="var1"/>
    <input inlinedXMLSchema="true" path="../schema_0.xsd" var="var"/>
    <output path="/N06/INWARD.xsd"/>
    <imports>
        <import kind="esql" namespace="/com/cedge/wb/inward/neft/mapping/MAPPING_USING_ESQL.esql"/>
        <import kind="esql" namespace="/com/cedge/wb/inward/neft/mapping/MAPPING_USING_ESQL.esql"/>
    </imports>
    <namespaces>
        <namespace kind="supplement" prefix="in" uri="urn:iso:std:iso:20022:tech:xsd:pacs.002.001.11"/>
        <namespace kind="extension" prefix="fn" uri="http://www.w3.org/2005/xpath-functions"/>
        <namespace kind="extension" prefix="MAPPING_USING_ESQL" uri="/com/cedge/wb/inward/neft/mapping/MAPPING_USING_ESQL.esql"/>
        <namespace kind="extension" prefix="MAPPING_USING_ESQL0" uri="/com/cedge/wb/inward/neft/mapping/MAPPING_USING_ESQL.esql"/>
    </namespaces>
    <generation engine="xquery"/>
    <mappingDeclaration name="Pacs002_TO_N03">
        <input namespace="urn:iso:std:iso:20022:tech:xsd:pacs.002.001.11" path="$var1/mb:msg(Document,assembly,,Properties,MQMD,MQRFH2)" var="MessageAssembly">
            <cast castType="userDefined" path="$MessageAssembly/MQRFH2/usr/any" qualifier="BankDetails" ref="var"/>
        </input>
        <output path="mb:msg(N_03,assembly,DFDL,Properties)" var="MessageAssembly1"/>
        <move>
            <input path="$MessageAssembly/Properties"/>
            <output path="$MessageAssembly1/Properties"/>
            <override>
                <assign value="{}:N_03">
                    <output path="$MessageAssembly1/Properties/MessageType"/>
                </assign>
            </override>
        </move>
        <move>
            <input path="$MessageAssembly/Document/FIToFIPmtStsRpt/GrpHdr/InstgAgt/FinInstnId/ClrSysMmbId/MmbId"/>
            <output path="$MessageAssembly1/N_03/header/Sender_IFSC"/>
        </move>
        <move>
            <input path="$MessageAssembly/Document/FIToFIPmtStsRpt/GrpHdr/InstdAgt/FinInstnId/ClrSysMmbId/MmbId"/>
            <output path="$MessageAssembly1/N_03/header/Receiver_IFSC"/>
        </move>
        <assign value="XXX">
            <output path="$MessageAssembly1/N_03/header/BankApp_Identifier"/>
        </assign>
        <assign value="F01">
            <output path="$MessageAssembly1/N_03/header/Message_Identifier"/>
        </assign>
        <assign value="I">
            <output path="$MessageAssembly1/N_03/header/IO_Identifier"/>
        </assign>
        <assign value="298">
            <output path="$MessageAssembly1/N_03/header/Message_Type"/>
        </assign>
        <assign value="N03">
            <output path="$MessageAssembly1/N_03/header/SubMessage_Type"/>
        </assign>
        <assign value="2">
            <output path="$MessageAssembly1/N_03/header/Delivery_Monitoring_Flag"/>
        </assign>
        <assign value="2">
            <output path="$MessageAssembly1/N_03/header/Open_Notification_Number"/>
        </assign>
        <assign value="2">
            <output path="$MessageAssembly1/N_03/header/NonDelivery_Warning_Flag"/>
        </assign>
        <assign value="000">
            <output path="$MessageAssembly1/N_03/header/Obsolescence_Period"/>
        </assign>
        <assign value="2">
            <output path="$MessageAssembly1/N_03/header/Possible_Duplicate_Flag"/>
        </assign>
        <assign value="RTG">
            <output path="$MessageAssembly1/N_03/header/Service_Identifier"/>
        </assign>
        <assign value="2">
            <output path="$MessageAssembly1/N_03/header/Testing_Training_Flag"/>
        </assign>
        <assign value="000000000">
            <output path="$MessageAssembly1/N_03/header/Sequence_Number"/>
        </assign>
        <assign value="XXXXXXXXX">
            <output path="$MessageAssembly1/N_03/header/Filler"/>
        </assign>
        <assign value="00">
            <output path="$MessageAssembly1/N_03/header/RTGS_Priority"/>
        </assign>
        <move>
            <input path="$MessageAssembly/MQRFH2/usr/BankDetails/UTR"/>
            <output path="$MessageAssembly1/N_03/header/MUR"/>
        </move>
        <move>
            <input path="$MessageAssembly/MQRFH2/usr/BankDetails/UTR"/>
            <output path="$MessageAssembly1/N_03/header/Unique_Transaction_Number"/>
        </move>
        <move>
            <input path="$MessageAssembly/MQRFH2/usr/BankDetails/UTR"/>
            <output path="$MessageAssembly1/N_03/body/Transaction_Reference_Number"/>
        </move>
        <move>
            <input path="$MessageAssembly/MQRFH2/usr/BankDetails/cDate"/>
            <output path="$MessageAssembly1/N_03/header/Originate_Date"/>
        </move>
        <move>
            <input path="$MessageAssembly/MQRFH2/usr/BankDetails/cTime"/>
            <output path="$MessageAssembly1/N_03/header/Originate_Time"/>
        </move>
        <foreach>
            <input path="$MessageAssembly/Document/FIToFIPmtStsRpt/TxInfAndSts" var="TxInfAndSts"/>
            <input auxiliary="true" path="$MessageAssembly/MQRFH2/usr/BankDetails/cDate" var="cDate"/>
            <output path="$MessageAssembly1/N_03/body/record"/>
            <customFunction lang="esql" ref="MAPPING_USING_ESQL0:UTR_16">
                <input path="$TxInfAndSts/StsId" var="StsId1"/>
                <input path="$cDate/." var="cDate1"/>
                <output path="Transaction_RefNumber"/>
                <param name="cDate" value="$cDate1"/>
                <param name="MsgIdVar" value="$StsId1"/>
            </customFunction>
            <customFunction lang="esql" ref="MAPPING_USING_ESQL:XUTR">
                <input path="$TxInfAndSts/OrgnlEndToEndId" var="OrgnlEndToEndId"/>
                <output path="Related_Reference_Number"/>
                <param name="Utr" value="$OrgnlEndToEndId"/>
            </customFunction>
            <move>
                <input path="$TxInfAndSts/OrgnlTxId"/>
                <output path="Remittance_Information_from_sender_to_customer"/>
            </move>
            <assign value="SENDER_IFSC">
                <output path="Sending_IFSC"/>
            </assign>
            <assign value="RECEIVER_IFSC">
                <output path="Beneficiary_IFSC"/>
            </assign>
            <move>
                <input path="$TxInfAndSts/StsRsnInf/Rsn/Cd"/>
                <output path="Reason_Code"/>
            </move>
            <assign value="BENEFICIARY_AC_NO">
                <output path="Beneficiary_customer_AC_no"/>
            </assign>
            <assign value="BENEFICIARY_AC">
                <output path="Beneficiary_customer_AC"/>
            </assign>
            <assign value="AMOUNT">
                <output path="Amount"/>
            </assign>
            <move>
                <input path="$cDate/." var="cDate"/>
                <output path="Value_Date"/>
            </move>
            <move>
                <input path="$cDate/." var="cDate"/>
                <output path="Remittance_Date"/>
            </move>
            <assign value="FAILED TO PROCESS N03 MSG">
                <output path="Rejection_Reason"/>
            </assign>
        </foreach>
        <assign value="UNKNOWN">
            <output path="$MessageAssembly1/N_03/body/Total_No_of_transactions"/>
        </assign>
        <assign value="UNKNOWN">
            <output path="$MessageAssembly1/N_03/body/Total_amount"/>
        </assign>
        <assign value="batch00">
            <output path="$MessageAssembly1/N_03/body/Batch_Number"/>
        </assign>
    </mappingDeclaration>
</mappingRoot>